{
  "pages": 12,
  "completion": {
    "completed": 12
  },
  "reference_chars": 5052,
  "char_edits": 271,
  "CER": 0.053642121931908156,
  "reference_words": 854,
  "word_edits": 65,
  "WER": 0.07611241217798595,
  "text_regions_resolved": 7,
  "evaluable_targets": 48,
  "candidate_matches": 31,
  "strict_field_matches": 31,
  "strict_field_accuracy": 0.6458333333333334,
  "numeric_targets": 46,
  "numeric_candidate_matches": 31,
  "numeric_strict_matches": 31,
  "unavailable_targets": 2,
  "unavailable_matches": 0,
  "unavailable_review_routed": 2,
  "accepted_targets": 0,
  "accepted_coverage": 0.0,
  "incorrect_acceptances": 0,
  "incorrect_acceptance_rate": null,
  "acceptance_note": "All fields require review; absence of accepted targets does not validate automatic acceptance.",
  "reasons": {
    "prototype_requires_review": 33,
    "invalid_number": 9,
    "missing_field": 6
  }
}
